(init (blocking_assignment (reg_lvalue (identifier (single_identifier (simple_identifier (alpha n) (alphanum e) (alphanum x) (alphanum t) _ (alphanum s) (alphanum t) (alphanum a) (alphanum t) (alphanum e))))) = (expression (primary (identifier (single_identifier (simple_identifier (alpha s) (alphanum t) (alphanum a) (alphanum t) (alphanum e))))))) ; (blocking_assignment (reg_lvalue (identifier (single_identifier (simple_identifier (alpha n) (alphanum e) (alphanum x) (alphanum t) _ (alphanum C))))) = (expression (primary (identifier (single_identifier (simple_identifier (alpha C))))))) ; (blocking_assignment (reg_lvalue (identifier (single_identifier (simple_identifier (alpha n) (alphanum e) (alphanum x) (alphanum t) _ (alphanum r) (alphanum e) (alphanum g) _ (alphanum i))))) = (expression (primary (identifier (single_identifier (simple_identifier (alpha r) (alphanum e) (alphanum g) _ (alphanum i))))))) ;)
