(init (non_blocking_assignment (reg_lvalue (identifier (single_identifier (simple_identifier B))) [ (expression (primary (number (unsigned_number 0)))) ]) < = (expression (primary (identifier (single_identifier (simple_identifier packed_B))) [ (expression (primary (number (unsigned_number 15)))) : (expression (primary (number (unsigned_number 0)))) ]))) ; (non_blocking_assignment (reg_lvalue (identifier (single_identifier (simple_identifier B))) [ (expression (primary (number (unsigned_number 15)))) ]) < = (expression (primary (identifier (single_identifier (simple_identifier packed_B))) [ (expression (primary (number (unsigned_number 255)))) : (expression (primary (number (unsigned_number 240)))) ]))) ;)
