(init (blocking_assignment (reg_lvalue (identifier (single_identifier (simple_identifier A))) [ (expression (primary (identifier (single_identifier (simple_identifier k))))) ] [ (expression (primary (identifier (single_identifier (simple_identifier i))))) ]) = (expression (primary (number (unsigned_number 0))))) ;)
