(init (continuous_assign (keyword_assign assign ) (list_of_net_assignments (net_assignment (net_lvalue (identifier (single_identifier (simple_identifier valid)))) = (expression ( (expression (expression (primary (identifier (single_identifier (simple_identifier state))))) = = (expression (primary (identifier (single_identifier (simple_identifier STATE_OUTPUT)))))) )))) ;) (continuous_assign (keyword_assign \nassign ) (list_of_net_assignments (net_assignment (net_lvalue (identifier (single_identifier (simple_identifier C_shift_left)))) = (expression (primary (concatenation { (expression (primary (identifier (single_identifier (simple_identifier C))) [ (expression (primary (number (unsigned_number 14)))) : (expression (primary (number (unsigned_number 0)))) ])) , (expression (primary (number (binary_number 1'b1)))) }))))) ;))
