(init (continuous_assign (keyword_assign assign ) (list_of_net_assignments (net_assignment (net_lvalue (identifier (single_identifier (simple_identifier debug_B0)))) = (expression (primary (identifier (single_identifier (simple_identifier B))) [ (expression (primary (number (unsigned_number 0)))) ])))) ;) (continuous_assign (keyword_assign \nassign ) (list_of_net_assignments (net_assignment (net_lvalue (identifier (single_identifier (simple_identifier debug_B15)))) = (expression (primary (identifier (single_identifier (simple_identifier B))) [ (expression (primary (number (unsigned_number 15)))) ])))) ;) (continuous_assign (keyword_assign assign ) (list_of_net_assignments (net_assignment (net_lvalue (identifier (single_identifier (simple_identifier debug_A0_0)))) = (expression (primary (identifier (single_identifier (simple_identifier A))) [ (expression (primary (number (unsigned_number 0)))) ] [ (expression (primary (number (unsigned_number 0)))) ])))) ;))
