(init (module_item_declaration (output_declaration (keyword_output output ) (range [ (constant_expression (constant_primary (number (unsigned_number 31)))) : (constant_expression (constant_primary (number (unsigned_number 0)))) ]) (list_of_port_identifiers (identifier (single_identifier (simple_identifier X_out)))) ;)))
