(init (module_item_declaration (parameter_declaration (keyword_parameter parameter ) (list_of_param_assignments (param_assignment (identifier (single_identifier (simple_identifier STATE_BEGIN))) = (expression (primary (number (binary_number 3'b000))))) , (param_assignment (identifier (single_identifier (simple_identifier STATE_OUT_ITER))) = (expression (expression (primary (identifier (single_identifier (simple_identifier STATE_BEGIN))))) + (expression (primary (number (unsigned_number 1))))))) ;)))
