(init (module_item_declaration (parameter_declaration (keyword_parameter parameter ) (list_of_param_assignments (param_assignment (identifier (single_identifier (simple_identifier STATE_INIT))) = (expression (primary (identifier (single_identifier (simple_identifier STATE_BEGIN)))))) , (param_assignment (identifier (single_identifier (simple_identifier OUTPUT_CNT_INIT))) = (expression (primary (number (unsigned_number 0))))) , (param_assignment (identifier (single_identifier (simple_identifier C_DEFAULT))) = (expression (primary (number (binary_number 16'b1111_1111_1111_1110))))) , (param_assignment (identifier (single_identifier (simple_identifier REG_I_DEFAULT))) = (expression (primary (number (binary_number 6'b0)))))) ;)))
