(init (module_item_declaration (reg_declaration (keyword_reg reg ) (range [ (constant_expression (constant_primary (number (unsigned_number 3)))) : (constant_expression (constant_primary (number (unsigned_number 0)))) ]) (list_of_register_identifiers (register_name (identifier (single_identifier (simple_identifier output_cnt))))) ;)))
