(init (module_item_declaration (net_declaration (net_type (keyword_wire wire )) (range [ (constant_expression (constant_primary (number (unsigned_number 31)))) : (constant_expression (constant_primary (number (unsigned_number 0)))) ]) (list_of_net_identifiers (identifier (single_identifier (simple_identifier X_out)))) ;)))
