(init (expression (expression (primary (number (unsigned_number 1)))) + (expression (primary (number (unsigned_number 10))))) ; (expression (expression (primary (number (unsigned_number 3)))) * (expression (primary (identifier (single_identifier (simple_identifier reg_A)))))) ; (expression (expression (primary (identifier (single_identifier (simple_identifier a))) [ (expression (primary (number (unsigned_number 0)))) ])) > > (expression (primary (number (unsigned_number 2))))) ; (expression (expression (primary (identifier (single_identifier (simple_identifier b2))) [ (expression (primary (number (unsigned_number 3)))) : (expression (primary (number (unsigned_number 2)))) ])) | (expression (primary (identifier (single_identifier (simple_identifier a2))) [ (expression (primary (number (unsigned_number 1)))) : (expression (primary (number (unsigned_number 0)))) ]))) ;)
