(init (expression (primary (identifier (single_identifier (simple_identifier if_a))))) ; (expression (primary (identifier (single_identifier (simple_identifier a_reg))))) ; (expression (primary (identifier (single_identifier (simple_identifier reg_a))))) ; (expression (primary (identifier (single_identifier (simple_identifier wire_a))))) ; (expression (primary (identifier (single_identifier (simple_identifier wirec))))) ; (expression (primary (identifier (single_identifier (simple_identifier awire))))) ; (expression (primary (identifier (single_identifier (simple_identifier c_begin))))) ; (expression (primary (identifier (single_identifier (simple_identifier begin_))))) ; (expression (primary (identifier (single_identifier (simple_identifier cend))))) ; (expression (primary (identifier (single_identifier (simple_identifier end_))))) ;)
