(init (expression (primary (multiple_concatenation { (expression (primary (number (unsigned_number 48)))) { (expression (primary (identifier (single_identifier (simple_identifier A))) [ (expression (primary (identifier (single_identifier (simple_identifier reg_k))))) ] [ (expression (primary (number (unsigned_number 0)))) ] [ (expression (primary (number (unsigned_number 15)))) ])) } }))) ; (expression (primary (multiple_concatenation { (expression (primary (number (unsigned_number 32)))) { (expression (primary (identifier (single_identifier (simple_identifier X))) [ (expression (primary (number (unsigned_number 0)))) ] [ (expression (primary (number (unsigned_number 47)))) ])) } }))) ;)
