(init (expression ( (expression (expression ( (expression (expression (primary (number (unsigned_number 1)))) + (expression (primary (number (unsigned_number 2))))) )) - (expression (primary (number (unsigned_number 3))))) )) ; (expression ( (expression (expression (primary (number (unsigned_number 1)))) + (expression ( (expression (expression (primary (number (unsigned_number 2)))) - (expression (primary (number (unsigned_number 3))))) ))) )) ; (expression ( (expression (expression ( (expression (expression (primary (identifier (single_identifier (simple_identifier a))) [ (expression (primary (number (unsigned_number 0)))) ])) > > (expression (primary (number (unsigned_number 2))))) )) + (expression (primary (number (heximal_number 4'hf))))) )) ;)
