(init (expression (primary (identifier (single_identifier (simple_identifier A))) [ (expression (primary (number (unsigned_number 2)))) : (expression (primary (number (unsigned_number 0)))) ])) ; (expression (primary (identifier (single_identifier (simple_identifier C))) [ (expression (primary (number (unsigned_number 11)))) : (expression (primary (number (unsigned_number 4)))) ])) ;)
