(init (expression (primary (identifier (single_identifier (simple_identifier X))) [ (expression (primary (number (unsigned_number 0)))) ] [ (expression ( (expression (expression (primary (identifier (single_identifier (defined_identifier `X_WIDTH))))) - (expression (primary (number (unsigned_number 1))))) )) : (expression (primary (number (unsigned_number 32)))) ])) ;)
