(init (expression (primary (identifier (single_identifier (simple_identifier a))))) ; (expression (primary (identifier (single_identifier (simple_identifier b))))) ; (expression (primary (identifier (single_identifier (simple_identifier c))))) ; (expression (primary (identifier (single_identifier (simple_identifier asSD_90))))) ; (expression (primary (identifier (single_identifier (simple_identifier a9_29))))) ; (expression (primary (identifier (single_identifier (simple_identifier A))))) ; (expression (primary (identifier (single_identifier (simple_identifier B))))) ; (expression (primary (identifier (single_identifier (simple_identifier C))))) ; (expression (primary (identifier (single_identifier (simple_identifier Dsad_asda))))) ; (expression (primary (identifier (single_identifier (simple_identifier abc))))) ; (expression (primary (identifier (single_identifier (simple_identifier abcdefghijklmnopqrstuvwxyzABCDEFGHIJKLMNOPQRSTUVWXYZ))))) ;)
