(init (expression (expression (primary (identifier (single_identifier (simple_identifier a))) [ (expression (primary (number (unsigned_number 0)))) ])) ? (expression (primary (number (binary_number 2'b01)))) : (expression (primary (number (binary_number 2'b1_1))))) ; (expression (expression ( (expression (expression (primary (identifier (single_identifier (simple_identifier a2))) [ (expression (primary (number (unsigned_number 1)))) : (expression (primary (number (unsigned_number 0)))) ])) > (expression (primary (number (binary_number 2'b11))))) )) ? (expression ( (expression (primary (number (binary_number 1'b0)))) )) : (expression ( (expression (primary (number (binary_number 1'b1)))) ))) ;)
