(init (expression (unary_operator ~) (primary (identifier (single_identifier (simple_identifier a))))) ; (expression (unary_operator !) (primary (identifier (single_identifier (defined_identifier `A5))))) ; (expression (unary_operator |) (primary (identifier (single_identifier (simple_identifier a5))))) ; (expression (unary_operator &) (primary (number (binary_number 4'b1111)))) ;)
