(init (expression (unary_operator !) (primary (identifier (single_identifier (simple_identifier abc))))) ; (expression (unary_operator ~) (primary (identifier (single_identifier (simple_identifier abc))))) ; (expression (unary_operator &) (primary (identifier (single_identifier (simple_identifier abc))))) ; (expression (unary_operator |) (primary (identifier (single_identifier (simple_identifier abc))))) ;)
