(init (module_item (always_construct (keyword_always always ) (statement (procedural_timing_control_statement (delay_or_event_control (event_control @ ( * ))) (statement_or_null (statement (seq_block (keyword_begin  begin\n) (statement (blocking_assignment (reg_lvalue (identifier (single_identifier (simple_identifier next_state)))) = (expression (primary (identifier (single_identifier (simple_identifier state)))))) ;) (statement (blocking_assignment (reg_lvalue (identifier (single_identifier (simple_identifier next_reg_i)))) = (expression (primary (identifier (single_identifier (simple_identifier reg_i)))))) ;) (keyword_end \nend\n)))))))))
