(source_text (one_or_more_description (description (module_declaration (module_keyword (keyword_module module)) (identifier (single_identifier (simple_identifier A))) (zero_or_one_list_of_ports (list_of_ports (port (port_expression (port_reference (identifier (single_identifier (simple_identifier reset)))))) (zero_or_more_comma_port))) (zero_or_more_module_item (module_item (module_item_declaration (parameter_declaration (keyword_parameter parameter) (list_of_param_assignments (param_assignment (identifier (single_identifier (simple_identifier A))) (expression (primary (number (unsigned_number 10))))) (zero_or_more_comma_param_assignment)))))) (keyword_endmodule \nendmodule\n)))))
