End of test : test_pexpr_RWC
End of test : test_pexpr_read
End of test : test_pexpr_write
End of test : test_pexpr_check
End of test : test_pexpr_bool
End of test : test_pexpr_constant
End of test : test_pexpr_assert
End of test : test_pexpr_state_label
End of test : test_pexpr_goto
End of test : test_pexpr_ifpre
End of test : test_pexpr_without_goto
End of test : test_pexpr_with_goto
End of test : test_pexpr_end_statement
End of test : test_pexpr_specific
End of test : test_pexpr_all
End of test : test_pexpr_edge
End of test : test_pexpr_transition
End of test : test_pexpr_state
End of test : test_pexpr_source
