End of test : test_convert_constant
End of test : test_convert_constant
End of test : test_convert_constant
End of test : test_convert_assert_statement
End of test : test_convert_read_statement
End of test : test_convert_write_statement
End of test : test_convert_state_label
End of test : test_convert_goto_statement
End of test : test_convert_bool_expression
End of test : test_convert_bool_expression
End of test : test_convert_bool_expression
End of test : test_convert_bool_expression
End of test : test_convert_bool_expression
End of test : test_convert_bool_expression
End of test : test_convert_check_statement
End of test : test_convert_read_or_write_or_check_statement
End of test : test_convert_read_or_write_or_check_statement
End of test : test_convert_read_or_write_or_check_statement
End of test : test_convert_if_statement_prefix
End of test : test_convert_end_statement
End of test : test_convert_if_statement_without_goto
End of test : test_convert_if_statement_with_goto
End of test : test_convert_specific
End of test : test_convert_all
End of test : test_convert_edge_statement
End of test : test_convert_transition_statement
End of test : test_convert_state_statement
End of test : test_convert_source_text
