End of test : test_convert_state_label
End of test : test_convert_state_label
End of test : test_convert_if_statement_with_goto
End of test : test_convert_edge_statement
End of test : test_convert_transition_statement
End of test : test_convert_state_statement
End of test : test_convert_source_text
End of test : test_spec
End of test : test_spec
End of test : test_spec
