(init (gate_instantiation (n_input_gatetype nand ) (n_input_gate_instance (name_of_gate_instance (identifier (single_identifier (simple_identifier NAND2_1)))) ( (output_terminal (identifier (single_identifier (simple_identifier N10)))) , (input_terminal (expression (primary (identifier (single_identifier (simple_identifier N1)))))) , (input_terminal (expression (primary (identifier (single_identifier (simple_identifier N3)))))) )) ;))
