(expression (binary_expression (binary_expression_bw_or (expression (primary (select_identifier (identifier (single_identifier (simple_identifier b2))) (one_or_more_select (select (range_select (expression (primary (number (unsigned_number 3)))) (expression (primary (number (unsigned_number 2)))))))))) (expression (primary (select_identifier (identifier (single_identifier (simple_identifier a2))) (one_or_more_select (select (range_select (expression (primary (number (unsigned_number 1)))) (expression (primary (number (unsigned_number 0)))))))))))))
