(expression (braced_expression (expression (binary_expression (binary_expression_shift_right (expression (primary (select_identifier (identifier (single_identifier (simple_identifier a))) (one_or_more_select (select (bit_select (expression (primary (number (unsigned_number 0)))))))))) (expression (binary_expression (binary_expression_plus (expression (primary (number (unsigned_number 2)))) (expression (primary (number (heximal_number 4'hf))))))))))))
