(expression (braced_expression (expression (binary_expression (binary_expression_minus (expression (braced_expression (expression (binary_expression (binary_expression_plus (expression (primary (number (unsigned_number 1)))) (expression (primary (number (unsigned_number 2))))))))) (expression (primary (number (unsigned_number 3)))))))))
