(init (module_instantiation (identifier (single_identifier (simple_identifier ADD))) (module_instance (name_of_instance (identifier (single_identifier (simple_identifier add1)))) ( (list_of_module_connections (ordered_port_connection (expression (primary (identifier (single_identifier (simple_identifier clk)))))) , (ordered_port_connection (expression (primary (identifier (single_identifier (simple_identifier rst)))))) , (ordered_port_connection (expression (primary (identifier (single_identifier (simple_identifier A)))))) , (ordered_port_connection (expression (primary (identifier (single_identifier (simple_identifier B)))))) , (ordered_port_connection (expression (primary (identifier (single_identifier (simple_identifier O))))))) )) ;))
