End of test : test_parse_unsigned_number
End of test : test_parse_binary_number
End of test : test_parse_octal_number
End of test : test_parse_decimal_number
End of test : test_parse_heximal_number
End of test : test_parse_number_unsigned_number
End of test : test_parse_number_binary_number
End of test : test_parse_number_octal_number
End of test : test_parse_number_decimal_number
End of test : test_parse_number_heximal_number
End of test : test_parse_simple_identifier
End of test : test_parse_single_identifier_simple_identifier
End of test : test_parse_zero_or_more_dot_single_identifier
End of test : test_parse_multi_identifier
End of test : test_parse_identifer
End of test : test_parse_primary_number
End of test : test_parse_primary_identifier
End of test : test_parse_expression_primary
End of test : test_parse_expression_primary_select_identifier
End of test : test_parse_expression_unary_expression
End of test : test_parse_expression_binary_expression
End of test : test_parse_braced_expression
End of test : test_parse_expression_braced_expression
End of test : test_parse_expression_ternary_expression
End of test : test_parse_bit_select
End of test : test_parse_range_select
End of test : test_parse_select
End of test : test_parse_primary_select_identifier
End of test : test_parse_one_or_more_comma_expression
End of test : test_parse_concatenation
End of test : test_parse_multiple_concatenation
End of test : test_parse_primary_concatenation
End of test : test_parse_primary_multiple_concatenation
End of test : test_parse_constant_primary_number
End of test : test_parse_constant_primary_identifier
End of test : test_parse_constant_primary_concatenation
End of test : test_parse_constant_primary_multiple_concatenation
End of test : test_parse_constant_expression_primary
End of test : test_parse_constant_expression_expression
End of test : test_parse_constant_expression_unary_constant_expression
End of test : test_parse_constant_expression_binary_op
End of test : test_parse_constant_expression_ternary_op
End of test : test_parse_range
End of test : test_parse_net_lvalue_identifier
End of test : test_parse_net_lvalue_bit_select
End of test : test_parse_net_lvalue_range_select
End of test : test_parse_net_lvaue_concatenation
End of test : test_parse_net_assignment
End of test : test_parse_zero_or_more_comma_net_assignment
End of test : test_parse_list_of_net_assignment
End of test : test_parse_continuous_assign
End of test : test_parse_reg_lvalue_identifier
End of test : test_parse_reg_lvalue_select_identifier
End of test : test_parse_reg_lvalue_concatenation
End of test : test_parse_blocking_assignment
End of test : test_parse_name_of_gate_instance
End of test : test_parse_input_terminal
End of test : test_parse_output_terminal
End of test : test_parse_n_input_gate_instance
End of test : test_parse_n_output_gate_instance
End of test : test_parse_gate_instantiation
End of test : test_parse_non_blocking_assignment
End of test : test_parse_statement_blocking_assignment
End of test : test_parse_statement_non_blocking_assignment
End of test : test_parse_statement_procedural_continuous_assignment
End of test : test_parse_procedural_timing_control_statement
End of test : test_parse_condtional_statement
End of test : test_parse_case_statement
End of test : test_parse_loop_statement
End of test : test_parse_module_instantiation
End of test : test_parse_module_item_declaration
End of test : test_parse_module_item
End of test : test_parse_module_declaration
