(init (statement (case_statement (keyword_case case ) ( (expression (primary (identifier (single_identifier (simple_identifier state))))) ) (case_item (expression (primary (identifier (single_identifier (simple_identifier STATE_BEGIN))))) : (statement_or_null (statement (blocking_assignment (reg_lvalue (identifier (single_identifier (simple_identifier next_state)))) = (expression (primary (identifier (single_identifier (simple_identifier state)))))) ;))) (case_item (expression (primary (identifier (single_identifier (simple_identifier STATE_OUT_ITER))))) : (statement_or_null (statement (blocking_assignment (reg_lvalue (identifier (single_identifier (simple_identifier next_state)))) = (expression (primary (identifier (single_identifier (simple_identifier STATE_OUTPUT)))))) ;))) (keyword_endcase \nendcase\n))))
