(init (statement (conditional_statement (keyword_if if) ( (expression (primary (identifier (single_identifier (simple_identifier rst))))) ) (statement_or_null (statement (non_blocking_assignment (reg_lvalue (identifier (single_identifier (simple_identifier A)))) < = (expression (primary (number (unsigned_number 0))))) ;)) (keyword_else \nelse) (statement_or_null (statement (non_blocking_assignment (reg_lvalue (identifier (single_identifier (simple_identifier A)))) < = (expression (primary (number (unsigned_number 1))))) ;)))))
