(init (statement (procedural_timing_control_statement (delay_or_event_control (event_control @ ( * ))) (statement_or_null (statement (seq_block (keyword_begin  begin\n) (statement (blocking_assignment (reg_lvalue (identifier (single_identifier (simple_identifier B))) [ (expression (primary (number (unsigned_number 0)))) ]) = (expression (primary (identifier (single_identifier (simple_identifier packed_B))) [ (expression (primary (number (unsigned_number 15)))) : (expression (primary (number (unsigned_number 0)))) ]))) ;) (statement (blocking_assignment (reg_lvalue (identifier (single_identifier (simple_identifier B))) [ (expression (primary (number (unsigned_number 15)))) ]) = (expression (primary (identifier (single_identifier (simple_identifier packed_B))) [ (expression (primary (number (unsigned_number 255)))) : (expression (primary (number (unsigned_number 240)))) ]))) ;) (keyword_end \nend\n)))))))
