(init (statement (procedural_continuous_assignment (keyword_assign assign ) (reg_assignment (reg_lvalue (identifier (single_identifier (simple_identifier reg_A)))) = (expression (expression (primary (number (binary_number 8'b1001_1101)))) & (expression (primary (identifier (single_identifier (simple_identifier A))) [ (expression (expression (primary (number (unsigned_number 5)))) + (expression (primary (number (unsigned_number 3))))) : (expression (primary (number (unsigned_number 1)))) ])))) ;) ;))
