End of test : test_convert_unsigned_number
End of test : test_convert_binary_number
End of test : test_convert_octal_number
End of test : test_convert_decimal_number
End of test : test_convert_hex_number
End of test : test_convert_number_unsigned_number
End of test : test_convert_simple_identifier
End of test : test_convert_multi_identifier
End of test : test_convert_identifier_single_identifier
End of test : test_convert_primary_number
End of test : test_convert_unary_expression
End of test : test_convert_expression_unary
End of test : test_convert_binary_expression
End of test : test_convert_ternary_expression
End of test : test_convert_bit_select
End of test : test_convert_range_select
End of test : test_convert_select
End of test : test_convert_select_identifier
End of test : test_convert_concatenation
End of test : test_convert_multiple_concatenation
End of test : test_convert_constant_primary
End of test : test_convert_constant_expression_constant_primary
End of test : test_convert_range
End of test : test_convert_net_lvalue
End of test : test_convert_net_assignment
End of test : test_convert_list_of_net_assignment
End of test : test_convert_continuous_assignment
End of test : test_convert_register_name
End of test : test_convert_reg_lvalue
End of test : test_convert_blocking_assignment
End of test : test_convert_non_blocking_assignment
End of test : test_convert_statement_blocking_assignment
End of test : test_convert_statement_procedural_continuous_assignment
End of test : test_convert_procedural_timing_control_statement
End of test : test_convert_conditional_statement
End of test : test_convert_case_statement
End of test : test_convert_loop_statement
End of test : test_convert_input_declaration
End of test : test_convert_module_instantiation_named
End of test : test_convert_module_instantiation_ordered
End of test : test_convert_always
